[2025-12-04 19:34:49] [INIT] STARTING BACKEND AUTOMATED TESTS
[2025-12-04 19:34:49] [PASS] Health Check Passed
[2025-12-04 19:34:50] [PASS] Upload Passed. ID: c325d358-5e3f-429a-8ab9-0ee49908fc4a
[2025-12-04 19:34:50] [PASS] Invalid File Test Passed
[2025-12-04 19:34:50] [PASS] Analysis Triggered
[2025-12-04 19:35:01] [PASS] Analysis Completed Successfully
[2025-12-04 19:35:01] [PASS] Download Overlay Passed
[2025-12-04 19:35:01] [PASS] Delete Record Passed
